services/old_authService.ts(61,9): error TS2741: Property 'id' is missing in type '{ email: string; password: string; name: string; }' but required in type 'User'.
services/old_authService.ts(117,5): error TS2741: Property 'id' is missing in type '{ email: string; name: string; picture: string; }' but required in type 'User'.
services/old_authService.ts(122,16): error TS2345: Argument of type 'User | undefined' is not assignable to parameter of type 'User'.
  Type 'undefined' is not assignable to type 'User'.
services/old_authService.ts(128,11): error TS2339: Property 'password' does not exist on type 'User | undefined'.
